
> next-layered-template@0.1.0 test C:\Users\iniad\Documents\GitHub\Next-Layered-template
> vitest run


[1m[46m RUN [49m[22m [36mv4.0.17 [39m[90mC:/Users/iniad/Documents/GitHub/Next-Layered-template[39m

node.exe : [31m竡ｯ竡ｯ竡ｯ竡ｯ竡ｯ竡ｯ[39m[1m[
41m Unhandled Errors [49m[22m[31m竡ｯ竡
ｯ竡ｯ竡ｯ竡ｯ竡ｯ[39m
発生場所 C:\Users\iniad\AppData\Roaming\npm
\pnpm.ps1:24 文字:5
+     & "node$exe"  "$basedir/node_modu
les/pnpm/bin/pnpm.cjs" $args
+     ~~~~~~~~~~~~~~~~~~~~~~~~~~~~~~~~~
~~~~~~~~~~~~~~~~~~~~~~~~~~~~
    + CategoryInfo          : NotSpeci 
   fied: ([31m竡ｯ竡ｯ竡ｯ竡ｯ竡ｯ...竡ｯ竡ｯ竡ｯ竡ｯ竡  
  ｯ[39m:String) [], RemoteException
    + FullyQualifiedErrorId : NativeCo 
   mmandError
 
[31m[1m
Vitest caught 2 unhandled errors during
 the test run.
This might cause false positive tests. 
Resolve unhandled errors to make sure y
our tests are not affected.[22m[39m

[31m竡ｯ竡ｯ竡ｯ竡ｯ竡ｯ竡ｯ[39m[1m[41m Unhandl
ed Error [49m[22m[31m竡ｯ竡ｯ竡ｯ竡ｯ竡ｯ竡ｯ竡ｯ
[39m
[31m[1mError[22m: [vitest-pool]: Fai
led to start forks worker for test file
s C:/Users/iniad/Documents/GitHub/Next-
Layered-template/src/schema/api/example
.test.ts.[39m
[90m [2m笶ｯ[22m node_modules/.pnpm/vi
test@4.0.17_@types+node@2_cc1e4f3896bec
4a75505a0cedf6c63c1/node_modules/vitest
/dist/chunks/cli-api.Cx2DW4Bc.js:[2m80
46:94[22m[39m
[90m [2m笶ｯ[22m processTicksAndReject
ions node:internal/process/task_queues:
[2m95:5[22m[39m
[90m [2m笶ｯ[22m Pool.schedule node_mo
dules/.pnpm/vitest@4.0.17_@types+node@2
_cc1e4f3896bec4a75505a0cedf6c63c1/node_
modules/vitest/dist/chunks/cli-api.Cx2D
W4Bc.js:[2m8046:5[22m[39m

[31m[1mCaused by: Error[22m: require
() of ES Module C:\Users\iniad\Document
s\GitHub\Next-Layered-template\node_mod
ules\.pnpm\@exodus+bytes@1.8.0\node_mod
ules\@exodus\bytes\encoding-lite.js fro
m C:\Users\iniad\Documents\GitHub\Next-
Layered-template\node_modules\.pnpm\htm
l-encoding-sniffer@6.0.0\node_modules\h
tml-encoding-sniffer\lib\html-encoding-
sniffer.js not supported.
Instead change the require of encoding-
lite.js in C:\Users\iniad\Documents\Git
Hub\Next-Layered-template\node_modules\
.pnpm\html-encoding-sniffer@6.0.0\node_
modules\html-encoding-sniffer\lib\html-
encoding-sniffer.js to a dynamic import
() which is available in all CommonJS m
odules.[39m
[90m [2m笶ｯ[22m Object.<anonymous> no
de_modules/.pnpm/html-encoding-sniffer@
6.0.0/node_modules/html-encoding-sniffe
r/lib/html-encoding-sniffer.js:[2m2:41
[22m[39m

[31m[2m竡ｯ竡ｯ竡ｯ竡ｯ竡ｯ竡ｯ竡ｯ竡ｯ竡ｯ竡ｯ竡ｯ竡ｯ竡ｯ竡ｯ竡ｯ
竡ｯ竡ｯ竡ｯ竡ｯ竡ｯ竡ｯ竡ｯ竡ｯ竡ｯ竡ｯ竡ｯ竡ｯ竡ｯ竡ｯ竡ｯ[22m[39
m
[31m[1mSerialized Error:[22m[39m [
90m{ code: 'ERR_REQUIRE_ESM' }[39m

[31m竡ｯ竡ｯ竡ｯ竡ｯ竡ｯ竡ｯ[39m[1m[41m Unhandl
ed Error [49m[22m[31m竡ｯ竡ｯ竡ｯ竡ｯ竡ｯ竡ｯ竡ｯ
[39m
[31m[1mError[22m: [vitest-pool]: Fai
led to start forks worker for test file
s C:/Users/iniad/Documents/GitHub/Next-
Layered-template/src/components/common/
Button.test.tsx.[39m
[90m [2m笶ｯ[22m node_modules/.pnpm/vi
test@4.0.17_@types+node@2_cc1e4f3896bec
4a75505a0cedf6c63c1/node_modules/vitest
/dist/chunks/cli-api.Cx2DW4Bc.js:[2m80
46:94[22m[39m
[90m [2m笶ｯ[22m processTicksAndReject
ions node:internal/process/task_queues:
[2m95:5[22m[39m
[90m [2m笶ｯ[22m Pool.schedule node_mo
dules/.pnpm/vitest@4.0.17_@types+node@2
_cc1e4f3896bec4a75505a0cedf6c63c1/node_
modules/vitest/dist/chunks/cli-api.Cx2D
W4Bc.js:[2m8046:5[22m[39m

[31m[1mCaused by: Error[22m: require
() of ES Module C:\Users\iniad\Document
s\GitHub\Next-Layered-template\node_mod
ules\.pnpm\@exodus+bytes@1.8.0\node_mod
ules\@exodus\bytes\encoding-lite.js fro
m C:\Users\iniad\Documents\GitHub\Next-
Layered-template\node_modules\.pnpm\htm
l-encoding-sniffer@6.0.0\node_modules\h
tml-encoding-sniffer\lib\html-encoding-
sniffer.js not supported.
Instead change the require of encoding-
lite.js in C:\Users\iniad\Documents\Git
Hub\Next-Layered-template\node_modules\
.pnpm\html-encoding-sniffer@6.0.0\node_
modules\html-encoding-sniffer\lib\html-
encoding-sniffer.js to a dynamic import
() which is available in all CommonJS m
odules.[39m
[90m [2m笶ｯ[22m Object.<anonymous> no
de_modules/.pnpm/html-encoding-sniffer@
6.0.0/node_modules/html-encoding-sniffe
r/lib/html-encoding-sniffer.js:[2m2:41
[22m[39m

[31m[2m竡ｯ竡ｯ竡ｯ竡ｯ竡ｯ竡ｯ竡ｯ竡ｯ竡ｯ竡ｯ竡ｯ竡ｯ竡ｯ竡ｯ竡ｯ
竡ｯ竡ｯ竡ｯ竡ｯ竡ｯ竡ｯ竡ｯ竡ｯ竡ｯ竡ｯ竡ｯ竡ｯ竡ｯ竡ｯ竡ｯ[22m[39
m
[31m[1mSerialized Error:[22m[39m [
90m{ code: 'ERR_REQUIRE_ESM' }[39m
[31m竡ｯ竡ｯ竡ｯ竡ｯ竡ｯ竡ｯ竡ｯ竡ｯ竡ｯ竡ｯ竡ｯ竡ｯ竡ｯ竡ｯ竡ｯ竡ｯ竡ｯ
竡ｯ竡ｯ竡ｯ竡ｯ竡ｯ竡ｯ竡ｯ竡ｯ竡ｯ竡ｯ竡ｯ竡ｯ竡ｯ[39m


[2m Test Files [22m [2mno tests[22m
[2m      Tests [22m [2mno tests[22m
[2m     Errors [22m [1m[31m2 errors[39m[22m
[2m   Start at [22m 13:27:00
[2m   Duration [22m 500ms[2m (transform 0ms, setup 0ms, import 0ms, tests 0ms, environment 0ms)[22m

窶右LIFECYCLE窶・Test failed. See above for more details.
